\BOOKMARK [1][-]{section*.1}{\376\377\000A\000b\000s\000t\000r\000a\000c\000t}{}% 1
\BOOKMARK [1][-]{section*.2}{\376\377\000Z\000u\000s\000a\000m\000m\000e\000n\000f\000a\000s\000s\000u\000n\000g}{}% 2
\BOOKMARK [1][-]{section*.3}{\376\377\000A\000c\000r\000o\000n\000y\000m\000s}{}% 3
\BOOKMARK [1][-]{section*.5}{\376\377\000V\000a\000r\000i\000a\000b\000l\000e\000s}{}% 4
\BOOKMARK [1][-]{section*.7}{\376\377\000L\000i\000s\000t\000\040\000o\000f\000\040\000V\000i\000s\000u\000a\000l\000i\000s\000a\000t\000i\000o\000n\000s}{}% 5
\BOOKMARK [2][-]{section*.8}{\376\377\000L\000i\000s\000t\000\040\000o\000f\000\040\000C\000o\000d\000e\000-\000B\000l\000o\000c\000k\000s}{section*.7}% 6
\BOOKMARK [2][-]{section*.9}{\376\377\000L\000i\000s\000t\000\040\000o\000f\000\040\000F\000i\000g\000u\000r\000e\000s}{section*.7}% 7
\BOOKMARK [2][-]{section*.10}{\376\377\000L\000i\000s\000t\000\040\000o\000f\000\040\000T\000a\000b\000l\000e\000s}{section*.7}% 8
\BOOKMARK [1][-]{section.1}{\376\377\000I\000n\000t\000r\000o\000d\000u\000c\000t\000i\000o\000n}{}% 9
\BOOKMARK [2][-]{subsection.1.1}{\376\377\000P\000r\000e\000a\000m\000b\000l\000e}{section.1}% 10
\BOOKMARK [2][-]{subsection.1.2}{\376\377\000C\000u\000r\000r\000e\000n\000t\000\040\000P\000r\000o\000b\000l\000e\000m\000s\000\040\000a\000n\000d\000\040\000S\000o\000l\000u\000t\000i\000o\000n\000s}{section.1}% 11
\BOOKMARK [3][-]{subsubsection.1.2.1}{\376\377\000M\000o\000d\000e\000l\000\040\000C\000r\000e\000a\000t\000i\000o\000n}{subsection.1.2}% 12
\BOOKMARK [3][-]{subsubsection.1.2.2}{\376\377\000M\000o\000d\000e\000l\000\040\000P\000r\000e\000s\000e\000n\000t\000a\000t\000i\000o\000n}{subsection.1.2}% 13
\BOOKMARK [3][-]{subsubsection.1.2.3}{\376\377\000M\000o\000d\000e\000l\000\040\000S\000h\000a\000r\000i\000n\000g}{subsection.1.2}% 14
\BOOKMARK [2][-]{subsection.1.3}{\376\377\000\040\000a\000s\000\040\000a\000\040\000S\000o\000l\000u\000t\000i\000o\000n}{section.1}% 15
\BOOKMARK [3][-]{subsubsection.1.3.1}{\376\377\000M\000o\000d\000e\000l\000\040\000C\000r\000e\000a\000t\000i\000o\000n\000\040\000w\000i\000t\000h\000\040}{subsection.1.3}% 16
\BOOKMARK [3][-]{subsubsection.1.3.2}{\376\377\000M\000o\000d\000e\000l\000\040\000P\000r\000e\000s\000e\000n\000t\000a\000t\000i\000o\000n\000\040\000w\000i\000t\000h\000\040}{subsection.1.3}% 17
\BOOKMARK [3][-]{subsubsection.1.3.3}{\376\377\000M\000o\000d\000e\000l\000\040\000S\000h\000a\000r\000i\000n\000g\000\040\000w\000i\000t\000h\000\040}{subsection.1.3}% 18
\BOOKMARK [2][-]{subsection.1.4}{\376\377\000T\000h\000e\000\040\000P\000r\000o\000m\000i\000s\000e\000\040\000o\000f\000\040}{section.1}% 19
\BOOKMARK [1][-]{section.2}{\376\377\000M\000a\000t\000e\000r\000i\000a\000l\000\040\000a\000n\000d\000\040\000M\000e\000t\000h\000o\000d\000s}{}% 20
\BOOKMARK [2][-]{subsection.2.1}{\376\377\000[\000G\000r\000e\000e\000n\000S\000l\000o\000t\000h\000U\000t\000i\000l\000s\000]}{section.2}% 21
\BOOKMARK [3][-]{subsubsection.2.1.1}{\376\377\000C\000r\000e\000a\000t\000e\000\040\000t\000h\000e\000\040\000M\000o\000d\000e\000l\000\040\000D\000o\000c\000u\000m\000e\000n\000t\000a\000t\000i\000o\000n}{subsection.2.1}% 22
\BOOKMARK [2][-]{subsection.2.2}{\376\377\000M\000o\000d\000e\000l\000s}{section.2}% 23
\BOOKMARK [3][-]{subsubsection.2.2.1}{\376\377\000B\000e\000l\000l\000a\000s\000i\000o\0002\0000\0001\0009}{subsection.2.2}% 24
\BOOKMARK [3][-]{subsubsection.2.2.2}{\376\377\000F\000u\000e\000n\000t\000e\0002\0000\0002\0004}{subsection.2.2}% 25
\BOOKMARK [3][-]{subsubsection.2.2.3}{\376\377\000L\000i\0002\0000\0002\0001}{subsection.2.2}% 26
\BOOKMARK [3][-]{subsubsection.2.2.4}{\376\377\000M\000a\000t\000u\000s\000z\000y\000n\000s\000k\000a\0002\0000\0001\0006}{subsection.2.2}% 27
\BOOKMARK [3][-]{subsubsection.2.2.5}{\376\377\000S\000a\000a\000d\000a\000t\0002\0000\0002\0001}{subsection.2.2}% 28
\BOOKMARK [2][-]{subsection.2.3}{\376\377\000M\000o\000d\000e\000l\000\040\000D\000e\000m\000o\000n\000s\000t\000r\000a\000t\000i\000o\000n\000s}{section.2}% 29
\BOOKMARK [3][-]{subsubsection.2.3.1}{\376\377\000D\000a\000y\000l\000i\000g\000h\000t\000\040\000S\000i\000m\000u\000l\000a\000t\000i\000o\000n}{subsection.2.3}% 30
\BOOKMARK [3][-]{subsubsection.2.3.2}{\376\377\000F\000v\000C\000B\000\040\000A\000d\000d\000-\000o\000n}{subsection.2.3}% 31
\BOOKMARK [3][-]{subsubsection.2.3.3}{\376\377\000S\000t\000a\000n\000d\000a\000r\000d\000\040\000P\000A\000M\000\040\000S\000i\000m\000u\000l\000a\000t\000i\000o\000n}{subsection.2.3}% 32
\BOOKMARK [3][-]{subsubsection.2.3.4}{\376\377\000M\000C\000A\000\040\000o\000f\000\040\000P\000h\000o\000t\000o\000s\000y\000n\000t\000h\000e\000s\000i\000s}{subsection.2.3}% 33
\BOOKMARK [3][-]{subsubsection.2.3.5}{\376\377\000F\000i\000t\000t\000i\000n\000g\000\040\000o\000f\000\040\000N\000P\000Q}{subsection.2.3}% 34
\BOOKMARK [2][-]{subsection.2.4}{\376\377\000W\000e\000b\000s\000i\000t\000e}{section.2}% 35
\BOOKMARK [3][-]{subsubsection.2.4.1}{\376\377\000D\000e\000v\000e\000l\000o\000p\000m\000e\000n\000t}{subsection.2.4}% 36
\BOOKMARK [3][-]{subsubsection.2.4.2}{\376\377\000H\000o\000s\000t\000i\000n\000g}{subsection.2.4}% 37
\BOOKMARK [2][-]{subsection.2.5}{\376\377\000A\000d\000d\000i\000t\000i\000o\000n\000a\000l\000\040\000M\000e\000t\000h\000o\000d\000s}{section.2}% 38
\BOOKMARK [3][-]{subsubsection.2.5.1}{\376\377\000H\000a\000r\000d\000w\000a\000r\000e}{subsection.2.5}% 39
\BOOKMARK [3][-]{subsubsection.2.5.2}{\376\377\000S\000i\000m\000u\000l\000a\000t\000i\000o\000n\000s}{subsection.2.5}% 40
\BOOKMARK [3][-]{subsubsection.2.5.3}{\376\377\000U\000s\000a\000g\000e\000\040\000o\000f\000\040\000A\000I}{subsection.2.5}% 41
\BOOKMARK [1][-]{section.3}{\376\377\000R\000e\000s\000u\000l\000t\000s}{}% 42
\BOOKMARK [2][-]{subsection.3.1}{\376\377\000M\000o\000d\000e\000l\000\040\000V\000a\000l\000i\000d\000a\000t\000i\000o\000n\000s}{section.3}% 43
\BOOKMARK [3][-]{subsubsection.3.1.1}{\376\377\000B\000e\000l\000l\000a\000s\000i\000o\0002\0000\0001\0009}{subsection.3.1}% 44
\BOOKMARK [3][-]{subsubsection.3.1.2}{\376\377\000F\000u\000e\000n\000t\000e\0002\0000\0002\0004}{subsection.3.1}% 45
\BOOKMARK [3][-]{subsubsection.3.1.3}{\376\377\000L\000i\0002\0000\0002\0001}{subsection.3.1}% 46
\BOOKMARK [3][-]{subsubsection.3.1.4}{\376\377\000M\000a\000t\000u\000s\000z\000y\000n\000s\000k\000a\0002\0000\0001\0006}{subsection.3.1}% 47
\BOOKMARK [3][-]{subsubsection.3.1.5}{\376\377\000S\000a\000a\000d\000a\000t\0002\0000\0002\0001}{subsection.3.1}% 48
\BOOKMARK [2][-]{subsection.3.2}{\376\377\000M\000o\000d\000e\000l\000\040\000D\000e\000m\000o\000n\000s\000t\000r\000a\000t\000i\000o\000n\000s}{section.3}% 49
\BOOKMARK [3][-]{subsubsection.3.2.1}{\376\377\000D\000a\000y\000l\000i\000g\000h\000t\000\040\000S\000i\000m\000u\000l\000a\000t\000i\000o\000n}{subsection.3.2}% 50
\BOOKMARK [3][-]{subsubsection.3.2.2}{\376\377\000F\000v\000C\000B\000\040\000A\000d\000d\000-\000o\000n}{subsection.3.2}% 51
\BOOKMARK [3][-]{subsubsection.3.2.3}{\376\377\000S\000t\000a\000n\000d\000a\000r\000d\000\040\000P\000A\000M\000\040\000S\000i\000m\000u\000l\000a\000t\000i\000o\000n}{subsection.3.2}% 52
\BOOKMARK [3][-]{subsubsection.3.2.4}{\376\377\000M\000C\000A\000\040\000o\000f\000\040\000P\000h\000o\000t\000o\000s\000y\000n\000t\000h\000e\000s\000i\000s}{subsection.3.2}% 53
\BOOKMARK [3][-]{subsubsection.3.2.5}{\376\377\000F\000i\000t\000t\000i\000n\000g\000\040\000o\000f\000\040\000N\000P\000Q}{subsection.3.2}% 54
\BOOKMARK [2][-]{subsection.3.3}{\376\377\000W\000e\000b\000s\000i\000t\000e}{section.3}% 55
\BOOKMARK [1][-]{section.4}{\376\377\000D\000i\000s\000c\000u\000s\000s\000i\000o\000n}{}% 56
\BOOKMARK [2][-]{subsection.4.1}{\376\377\000M\000o\000d\000e\000l\000\040\000V\000a\000l\000i\000d\000a\000t\000i\000o\000n\000s}{section.4}% 57
\BOOKMARK [3][-]{subsubsection.4.1.1}{\376\377\000B\000e\000l\000l\000a\000s\000i\000o\0002\0000\0001\0009}{subsection.4.1}% 58
\BOOKMARK [3][-]{subsubsection.4.1.2}{\376\377\000F\000u\000e\000n\000t\000e\0002\0000\0002\0004}{subsection.4.1}% 59
\BOOKMARK [3][-]{subsubsection.4.1.3}{\376\377\000L\000i\0002\0000\0002\0001}{subsection.4.1}% 60
\BOOKMARK [3][-]{subsubsection.4.1.4}{\376\377\000M\000a\000t\000u\000s\000z\000y\000n\000s\000k\000a\0002\0000\0001\0006}{subsection.4.1}% 61
\BOOKMARK [3][-]{subsubsection.4.1.5}{\376\377\000S\000a\000a\000d\000a\000t\0002\0000\0002\0001}{subsection.4.1}% 62
\BOOKMARK [2][-]{subsection.4.2}{\376\377\000M\000o\000d\000e\000l\000\040\000D\000e\000m\000o\000n\000s\000t\000r\000a\000t\000i\000o\000n\000s}{section.4}% 63
\BOOKMARK [3][-]{subsubsection.4.2.1}{\376\377\000D\000a\000y\000l\000i\000g\000h\000t\000\040\000S\000i\000m\000u\000l\000a\000t\000i\000o\000n\000s}{subsection.4.2}% 64
\BOOKMARK [3][-]{subsubsection.4.2.2}{\376\377\000f\000v\000c\000b\000\040\000A\000d\000d\000-\000o\000n}{subsection.4.2}% 65
\BOOKMARK [3][-]{subsubsection.4.2.3}{\376\377\000S\000t\000a\000n\000d\000a\000r\000d\000\040\000p\000a\000m\000\040\000S\000i\000m\000u\000l\000a\000t\000i\000o\000n}{subsection.4.2}% 66
\BOOKMARK [3][-]{subsubsection.4.2.4}{\376\377\000m\000c\000a\000\040\000o\000f\000\040\000P\000h\000o\000t\000o\000s\000y\000n\000t\000h\000e\000s\000i\000s}{subsection.4.2}% 67
\BOOKMARK [3][-]{subsubsection.4.2.5}{\376\377\000F\000i\000t\000t\000i\000n\000g\000\040\000o\000f\000\040\000n\000p\000q}{subsection.4.2}% 68
\BOOKMARK [2][-]{subsection.4.3}{\376\377\000W\000e\000b\000s\000i\000t\000e}{section.4}% 69
\BOOKMARK [2][-]{subsection.4.4}{\376\377\000C\000o\000n\000c\000l\000u\000s\000i\000o\000n}{section.4}% 70
\BOOKMARK [1][-]{section.5}{\376\377\000H\000o\000w\000\040\000t\000o\000\040\000C\000o\000n\000t\000r\000i\000b\000u\000t\000e}{}% 71
\BOOKMARK [2][-]{subsection.5.1}{\376\377\000M\000o\000d\000e\000l\000\040\000C\000r\000e\000a\000t\000i\000o\000n}{section.5}% 72
\BOOKMARK [2][-]{subsection.5.2}{\376\377\000M\000o\000d\000e\000l\000\040\000P\000r\000e\000s\000e\000n\000t\000a\000t\000i\000o\000n}{section.5}% 73
\BOOKMARK [2][-]{subsection.5.3}{\376\377\000M\000o\000d\000e\000l\000\040\000S\000h\000a\000r\000i\000n\000g}{section.5}% 74
\BOOKMARK [2][-]{subsection.5.4}{\376\377\000A\000f\000t\000e\000r\000\040\000S\000h\000a\000r\000i\000n\000g}{section.5}% 75
\BOOKMARK [1][-]{subsection.5.4}{\376\377\000R\000e\000f\000e\000r\000e\000n\000c\000e\000s}{}% 76
